// Jest Snapshot v1, https://goo.gl/fbAQLP

exports[`SearchPage should match snapshot with data 1`] = `
<div
  className="App"
>
  <form
    onSubmit={[Function]}
  >
    <div
      className="header"
    >
      <span
        className="netflex"
      >
        netflexroulette
      </span>
      <span
        className="titleFind"
      >
        FIND YOUR MOVIE
      </span>
      <div
        className="inputContainer"
      >
        <input
          className="searchMovie"
          onChange={[Function]}
          placeholder="search your movie"
          value=""
        />
      </div>
      <div
        className="filterContainer"
      >
        <div
          className="filterOptionsContainer"
        >
          <span
            className="searchTitle"
          >
            SEARCH BY
          </span>
          <button
            className="activeButton"
            id="title"
            onClick={[Function]}
            type="button"
          >
            TITLE
          </button>
          <button
            className={null}
            id="genre"
            onClick={[Function]}
            type="button"
          >
            GENRE
          </button>
        </div>
        <button
          className="search"
        >
          SEARCH
        </button>
      </div>
    </div>
  </form>
  <div
    className="lineResultContainer"
  >
    <span>
      0
       movies found
    </span>
    <span
      className="sortByWrapper"
    >
      <span>
        Sort by
      </span>
      <span
        className="active"
        id="sortByRelease"
        onClick={[Function]}
      >
        release date
      </span>
      <span
        className={null}
        id="sortByRating"
        onClick={[Function]}
      >
        rating
      </span>
    </span>
  </div>
  <div
    className="mainContainer"
  >
    <div
      className="movieListContainer"
    >
      <div
        className="noFilms"
      >
        No films found
      </div>
    </div>
  </div>
</div>
`;
